[2026-08-27 05:53:23Z INFO HostContext] No proxy settings were found based on environmental variables (http_proxy/https_proxy/HTTP_PROXY/HTTPS_PROXY)
[2026-08-27 05:53:23Z INFO HostContext] Well known directory 'Bin': 'D:\projects\solitaire smash\actions-runner\bin'
[2026-08-27 05:53:23Z INFO HostContext] Well known directory 'Root': 'D:\projects\solitaire smash\actions-runner'
[2026-08-27 05:53:23Z INFO HostContext] Well known config file 'Credentials': 'D:\projects\solitaire smash\actions-runner\.credentials'
[2026-08-27 05:53:23Z INFO HostContext] Well known directory 'Bin': 'D:\projects\solitaire smash\actions-runner\bin'
[2026-08-27 05:53:23Z INFO HostContext] Well known directory 'Root': 'D:\projects\solitaire smash\actions-runner'
[2026-08-27 05:53:23Z INFO HostContext] Well known config file 'Runner': 'D:\projects\solitaire smash\actions-runner\.runner'
[2026-08-27 05:53:23Z INFO Listener] Runner is built for Windows (X64) - win-x64.
[2026-08-27 05:53:23Z INFO Listener] RuntimeInformation: Microsoft Windows 10.0.26200.
[2026-08-27 05:53:23Z INFO Listener] Version: 2.336.0
[2026-08-27 05:53:23Z INFO Listener] Commit: 98aabcd429c4e8402406c56ce2d26387fed3b9ce
[2026-08-27 05:53:23Z INFO Listener] Culture: en-IL
[2026-08-27 05:53:23Z INFO Listener] UI Culture: en-US
[2026-08-27 05:53:23Z INFO HostContext] Well known directory 'Bin': 'D:\projects\solitaire smash\actions-runner\bin'
[2026-08-27 05:53:23Z INFO HostContext] Well known directory 'Root': 'D:\projects\solitaire smash\actions-runner'
[2026-08-27 05:53:23Z INFO Listener] Validating directory permissions for: 'D:\projects\solitaire smash\actions-runner'
[2026-08-27 05:53:23Z INFO CommandLineParser] Parse
[2026-08-27 05:53:23Z INFO CommandLineParser] Parsing 5 args
[2026-08-27 05:53:23Z INFO CommandLineParser] parsing argument
[2026-08-27 05:53:23Z INFO CommandLineParser] HasArgs: False
[2026-08-27 05:53:23Z INFO CommandLineParser] Adding Command: configure
[2026-08-27 05:53:23Z INFO CommandLineParser] parsing argument
[2026-08-27 05:53:23Z INFO CommandLineParser] HasArgs: True
[2026-08-27 05:53:23Z INFO CommandLineParser] arg: url
[2026-08-27 05:53:23Z INFO CommandLineParser] parsing argument
[2026-08-27 05:53:23Z INFO CommandLineParser] HasArgs: True
[2026-08-27 05:53:23Z INFO CommandLineParser] Adding option 'url': 'https://github.com/shlomo22/solitaire_smash'
[2026-08-27 05:53:23Z INFO CommandLineParser] parsing argument
[2026-08-27 05:53:23Z INFO CommandLineParser] HasArgs: True
[2026-08-27 05:53:23Z INFO CommandLineParser] arg: token
[2026-08-27 05:53:23Z INFO CommandLineParser] parsing argument
[2026-08-27 05:53:23Z INFO CommandLineParser] HasArgs: True
[2026-08-27 05:53:23Z INFO CommandLineParser] Adding option 'token': '***'
[2026-08-27 05:53:23Z INFO Listener] Arguments parsed
[2026-08-27 05:53:23Z INFO Runner] ExecuteCommand
[2026-08-27 05:53:23Z INFO ConfigurationStore] currentAssemblyLocation: D:\projects\solitaire smash\actions-runner\bin\Runner.Listener.dll
[2026-08-27 05:53:23Z INFO HostContext] Well known directory 'Bin': 'D:\projects\solitaire smash\actions-runner\bin'
[2026-08-27 05:53:23Z INFO ConfigurationStore] binPath: D:\projects\solitaire smash\actions-runner\bin
[2026-08-27 05:53:23Z INFO HostContext] Well known directory 'Bin': 'D:\projects\solitaire smash\actions-runner\bin'
[2026-08-27 05:53:23Z INFO HostContext] Well known directory 'Root': 'D:\projects\solitaire smash\actions-runner'
[2026-08-27 05:53:23Z INFO ConfigurationStore] RootFolder: D:\projects\solitaire smash\actions-runner
[2026-08-27 05:53:23Z INFO HostContext] Well known directory 'Bin': 'D:\projects\solitaire smash\actions-runner\bin'
[2026-08-27 05:53:23Z INFO HostContext] Well known directory 'Root': 'D:\projects\solitaire smash\actions-runner'
[2026-08-27 05:53:23Z INFO HostContext] Well known config file 'Runner': 'D:\projects\solitaire smash\actions-runner\.runner'
[2026-08-27 05:53:23Z INFO ConfigurationStore] ConfigFilePath: D:\projects\solitaire smash\actions-runner\.runner
[2026-08-27 05:53:23Z INFO HostContext] Well known directory 'Bin': 'D:\projects\solitaire smash\actions-runner\bin'
[2026-08-27 05:53:23Z INFO HostContext] Well known directory 'Root': 'D:\projects\solitaire smash\actions-runner'
[2026-08-27 05:53:23Z INFO HostContext] Well known config file 'MigratedRunner': 'D:\projects\solitaire smash\actions-runner\.runner_migrated'
[2026-08-27 05:53:23Z INFO ConfigurationStore] MigratedConfigFilePath: D:\projects\solitaire smash\actions-runner\.runner_migrated
[2026-08-27 05:53:23Z INFO HostContext] Well known directory 'Bin': 'D:\projects\solitaire smash\actions-runner\bin'
[2026-08-27 05:53:23Z INFO HostContext] Well known directory 'Root': 'D:\projects\solitaire smash\actions-runner'
[2026-08-27 05:53:23Z INFO HostContext] Well known config file 'Credentials': 'D:\projects\solitaire smash\actions-runner\.credentials'
[2026-08-27 05:53:23Z INFO ConfigurationStore] CredFilePath: D:\projects\solitaire smash\actions-runner\.credentials
[2026-08-27 05:53:23Z INFO HostContext] Well known directory 'Bin': 'D:\projects\solitaire smash\actions-runner\bin'
[2026-08-27 05:53:23Z INFO HostContext] Well known directory 'Root': 'D:\projects\solitaire smash\actions-runner'
[2026-08-27 05:53:23Z INFO HostContext] Well known config file 'MigratedCredentials': 'D:\projects\solitaire smash\actions-runner\.credentials_migrated'
[2026-08-27 05:53:23Z INFO ConfigurationStore] MigratedCredFilePath: D:\projects\solitaire smash\actions-runner\.credentials_migrated
[2026-08-27 05:53:23Z INFO HostContext] Well known directory 'Bin': 'D:\projects\solitaire smash\actions-runner\bin'
[2026-08-27 05:53:23Z INFO HostContext] Well known directory 'Root': 'D:\projects\solitaire smash\actions-runner'
[2026-08-27 05:53:23Z INFO HostContext] Well known config file 'Service': 'D:\projects\solitaire smash\actions-runner\.service'
[2026-08-27 05:53:23Z INFO ConfigurationStore] ServiceConfigFilePath: D:\projects\solitaire smash\actions-runner\.service
[2026-08-27 05:53:23Z INFO CommandSettings] Flag 'help': 'False'
[2026-08-27 05:53:23Z INFO CommandSettings] Flag 'version': 'False'
[2026-08-27 05:53:23Z INFO CommandSettings] Flag 'commit': 'False'
[2026-08-27 05:53:23Z INFO CommandSettings] Flag 'check': 'False'
[2026-08-27 05:53:23Z INFO CommandSettings] Command 'configure': 'True'
[2026-08-27 05:53:23Z INFO Terminal] WRITE LINE: 
[2026-08-27 05:53:23Z INFO Terminal] WRITE LINE: --------------------------------------------------------------------------------
[2026-08-27 05:53:23Z INFO Terminal] WRITE LINE: |        ____ _ _   _   _       _          _        _   _                      |
[2026-08-27 05:53:23Z INFO Terminal] WRITE LINE: |       / ___(_) |_| | | |_   _| |__      / \   ___| |_(_) ___  _ __  ___      |
[2026-08-27 05:53:23Z INFO Terminal] WRITE LINE: |      | |  _| | __| |_| | | | | '_ \    / _ \ / __| __| |/ _ \| '_ \/ __|     |
[2026-08-27 05:53:23Z INFO Terminal] WRITE LINE: |      | |_| | | |_|  _  | |_| | |_) |  / ___ \ (__| |_| | (_) | | | \__ \     |
[2026-08-27 05:53:23Z INFO Terminal] WRITE LINE: |       \____|_|\__|_| |_|\__,_|_.__/  /_/   \_\___|\__|_|\___/|_| |_|___/     |
[2026-08-27 05:53:23Z INFO Terminal] WRITE LINE: |                                                                              |
[2026-08-27 05:53:23Z INFO Terminal] WRITE: |                       
[2026-08-27 05:53:23Z INFO Terminal] WRITE: Self-hosted runner registration
[2026-08-27 05:53:23Z INFO Terminal] WRITE LINE:                         |
[2026-08-27 05:53:23Z INFO Terminal] WRITE LINE: |                                                                              |
[2026-08-27 05:53:23Z INFO Terminal] WRITE LINE: --------------------------------------------------------------------------------
[2026-08-27 05:53:23Z INFO ConfigurationManager] ConfigureAsync
[2026-08-27 05:53:23Z INFO CommandSettings] Flag 'generateServiceConfig': 'False'
[2026-08-27 05:53:23Z INFO ConfigurationStore] IsConfigured()
[2026-08-27 05:53:23Z INFO ConfigurationStore] IsConfigured: False
[2026-08-27 05:53:23Z INFO ConfigurationManager] Is configured: False
[2026-08-27 05:53:23Z INFO CommandSettings] Arg 'url': 'https://github.com/shlomo22/solitaire_smash'
[2026-08-27 05:53:23Z INFO CommandSettings] Remove url from Arg dictionary.
[2026-08-27 05:53:23Z INFO CommandSettings] Arg 'token': '***'
[2026-08-27 05:53:23Z INFO CommandSettings] Remove token from Arg dictionary.
[2026-08-27 05:53:24Z INFO ConfigurationManager] Http response code: OK from 'POST https://api.github.com/actions/runner-registration' (DDEE:2B8350:200E2D:310E8A:6A8FD0D4)
[2026-08-27 05:53:24Z INFO ConfigurationManager] Using runner-admin flow: False
[2026-08-27 05:53:24Z INFO ConfigurationManager] cred retrieved via GitHub auth
[2026-08-27 05:53:24Z INFO RunnerServer] EstablishVssConnection
[2026-08-27 05:53:24Z INFO RunnerServer] Establish connection with 100 seconds timeout.
[2026-08-27 05:53:24Z INFO GitHubActionsService] Starting operation Location.GetConnectionData
[2026-08-27 05:53:24Z INFO RunnerServer] EstablishVssConnection
[2026-08-27 05:53:24Z INFO RunnerServer] Establish connection with 60 seconds timeout.
[2026-08-27 05:53:24Z INFO GitHubActionsService] Starting operation Location.GetConnectionData
[2026-08-27 05:53:24Z INFO RunnerServer] EstablishVssConnection
[2026-08-27 05:53:24Z INFO RunnerServer] Establish connection with 60 seconds timeout.
[2026-08-27 05:53:24Z INFO GitHubActionsService] Starting operation Location.GetConnectionData
[2026-08-27 05:53:24Z INFO GitHubActionsService] Finished operation Location.GetConnectionData
[2026-08-27 05:53:24Z INFO GitHubActionsService] Finished operation Location.GetConnectionData
[2026-08-27 05:53:24Z INFO GitHubActionsService] Finished operation Location.GetConnectionData
[2026-08-27 05:53:24Z INFO Terminal] WRITE LINE: 
[2026-08-27 05:53:24Z INFO ConfigurationManager] Test Connection complete.
[2026-08-27 05:53:24Z INFO HostContext] Well known directory 'Bin': 'D:\projects\solitaire smash\actions-runner\bin'
[2026-08-27 05:53:24Z INFO HostContext] Well known directory 'Root': 'D:\projects\solitaire smash\actions-runner'
[2026-08-27 05:53:24Z INFO HostContext] Well known config file 'RSACredentials': 'D:\projects\solitaire smash\actions-runner\.credentials_rsaparams'
[2026-08-27 05:53:24Z INFO RSAEncryptedFileKeyManager] Creating new RSA key using 2048-bit key length
[2026-08-27 05:53:24Z INFO RSAEncryptedFileKeyManager] Successfully saved RSA key parameters to file D:\projects\solitaire smash\actions-runner\.credentials_rsaparams
[2026-08-27 05:53:25Z INFO CommandSettings] Arg 'runnergroup': ''
[2026-08-27 05:53:25Z INFO CommandSettings] Flag 'unattended': 'False'
[2026-08-27 05:53:25Z INFO PromptManager] ReadValue
[2026-08-27 05:53:25Z INFO Terminal] WRITE: Enter the name of the runner group to add this runner to: 
[2026-08-27 05:53:25Z INFO Terminal] WRITE: [press Enter for Default] 
[2026-08-27 05:53:25Z INFO Terminal] READ LINE
[2026-08-27 05:53:26Z INFO Terminal] Read value: ''
[2026-08-27 05:53:26Z INFO PromptManager] Falling back to the default: 'Default'
[2026-08-27 05:53:26Z INFO Terminal] WRITE LINE: 
[2026-08-27 05:53:26Z INFO ConfigurationManager] Found a self-hosted runner group with id 1 and name Default
[2026-08-27 05:53:26Z INFO CommandSettings] Flag 'disableupdate': 'False'
[2026-08-27 05:53:26Z INFO CommandSettings] Flag 'ephemeral': 'False'
[2026-08-27 05:53:26Z INFO CommandSettings] Arg 'name': ''
[2026-08-27 05:53:26Z INFO CommandSettings] Flag 'unattended': 'False'
[2026-08-27 05:53:26Z INFO PromptManager] ReadValue
[2026-08-27 05:53:26Z INFO Terminal] WRITE: Enter the name of runner: 
[2026-08-27 05:53:26Z INFO Terminal] WRITE: [press Enter for SHLOMOB-PC] 
[2026-08-27 05:53:26Z INFO Terminal] READ LINE
[2026-08-27 05:53:27Z INFO Terminal] Read value: ''
[2026-08-27 05:53:27Z INFO PromptManager] Falling back to the default: 'SHLOMOB-PC'
[2026-08-27 05:53:27Z INFO Terminal] WRITE LINE: 
[2026-08-27 05:53:27Z INFO CommandSettings] Arg 'labels': ''
[2026-08-27 05:53:27Z INFO CommandSettings] Flag 'unattended': 'False'
[2026-08-27 05:53:27Z INFO PromptManager] ReadValue
[2026-08-27 05:53:27Z INFO Terminal] WRITE: This runner will have the following labels: 'self-hosted', 'Windows', 'X64' 
Enter any additional labels (ex. label-1,label-2): 
[2026-08-27 05:53:27Z INFO Terminal] WRITE: [press Enter to skip] 
[2026-08-27 05:53:27Z INFO Terminal] READ LINE
[2026-08-27 05:53:29Z INFO Terminal] Read value: ''
[2026-08-27 05:53:29Z INFO Terminal] WRITE LINE: 
[2026-08-27 05:53:29Z INFO CommandSettings] Flag 'disableupdate': 'False'
[2026-08-27 05:53:29Z INFO CommandSettings] Flag 'no-default-labels': 'False'
[2026-08-27 05:53:29Z INFO CommandSettings] Flag 'disableupdate': 'False'
[2026-08-27 05:53:29Z INFO CommandSettings] Flag 'ephemeral': 'False'
[2026-08-27 05:53:29Z INFO ConfigurationStore] Saving OAuth credential @ D:\projects\solitaire smash\actions-runner\.credentials
[2026-08-27 05:53:29Z INFO ConfigurationStore] Credentials Saved.
[2026-08-27 05:53:29Z INFO ConfigurationManager] Service enforced serverUrlV2: https://broker.actions.githubusercontent.com/
[2026-08-27 05:53:29Z INFO ConfigurationManager] Service enforced useV2Flow: True
[2026-08-27 05:53:29Z INFO CommandSettings] Arg 'work': ''
[2026-08-27 05:53:29Z INFO CommandSettings] Flag 'unattended': 'False'
[2026-08-27 05:53:29Z INFO PromptManager] ReadValue
[2026-08-27 05:53:29Z INFO Terminal] WRITE: Enter name of work folder: 
[2026-08-27 05:53:29Z INFO Terminal] WRITE: [press Enter for _work] 
[2026-08-27 05:53:29Z INFO Terminal] READ LINE
[2026-08-27 05:53:31Z INFO Terminal] Read value: ''
[2026-08-27 05:53:31Z INFO PromptManager] Falling back to the default: '_work'
[2026-08-27 05:53:31Z INFO ConfigurationStore] Saving runner settings.
[2026-08-27 05:53:31Z INFO ConfigurationStore] Settings Saved.
[2026-08-27 05:53:31Z INFO Terminal] WRITE LINE: 
[2026-08-27 05:53:31Z INFO Terminal] WRITE LINE: 
[2026-08-27 05:53:31Z INFO CommandSettings] Flag 'runasservice': 'False'
[2026-08-27 05:53:31Z INFO CommandSettings] Flag 'unattended': 'False'
[2026-08-27 05:53:31Z INFO PromptManager] ReadValue
[2026-08-27 05:53:31Z INFO Terminal] WRITE: Would you like to run the runner as service? (Y/N) 
[2026-08-27 05:53:31Z INFO Terminal] WRITE: [press Enter for N] 
[2026-08-27 05:53:31Z INFO Terminal] READ LINE
[2026-08-27 05:53:33Z INFO Terminal] Read value: 'y'
[2026-08-27 05:53:33Z INFO ConfigurationManager] Configuring to run the agent as service
[2026-08-27 05:53:33Z INFO CommandSettings] Arg 'windowslogonaccount': ''
[2026-08-27 05:53:33Z INFO CommandSettings] Flag 'unattended': 'False'
[2026-08-27 05:53:33Z INFO PromptManager] ReadValue
[2026-08-27 05:53:33Z INFO Terminal] WRITE: User account to use for the service 
[2026-08-27 05:53:33Z INFO Terminal] WRITE: [press Enter for NT AUTHORITY\NETWORK SERVICE] 
[2026-08-27 05:53:33Z INFO Terminal] READ LINE
[2026-08-27 05:53:36Z INFO Terminal] Read value: ''
[2026-08-27 05:53:36Z INFO PromptManager] Falling back to the default: 'NT AUTHORITY\NETWORK SERVICE'
[2026-08-27 05:53:36Z INFO WindowsServiceControlManager] LogonAccount after transforming: NT AUTHORITY\NETWORK SERVICE, user: NETWORK SERVICE, domain: NT AUTHORITY
[2026-08-27 05:53:36Z INFO WindowsServiceControlManager] Service name 'actions.runner.shlomo22-solitaire_smash.SHLOMOB-PC' display name 'GitHub Actions Runner (shlomo22-solitaire_smash.SHLOMOB-PC)' will be used for service configuration.
[2026-08-27 05:53:36Z INFO WindowsServiceControlManager] Verifying if the account has LogonAsService permission
[2026-08-27 05:53:36Z INFO NativeWindowsServiceHelper] Successfully grant logon as service privilege to account 'NETWORK SERVICE'
[2026-08-27 05:53:36Z INFO WindowsServiceControlManager] Create local group and grant folder permission to service logon account.
[2026-08-27 05:53:36Z INFO HostContext] Well known directory 'Bin': 'D:\projects\solitaire smash\actions-runner\bin'
[2026-08-27 05:53:36Z INFO HostContext] Well known directory 'Root': 'D:\projects\solitaire smash\actions-runner'
[2026-08-27 05:53:36Z INFO ConfigurationStore] Read setting file: 399 chars
[2026-08-27 05:53:36Z INFO HostContext] Well known directory 'Bin': 'D:\projects\solitaire smash\actions-runner\bin'
[2026-08-27 05:53:36Z INFO HostContext] Well known directory 'Root': 'D:\projects\solitaire smash\actions-runner'
[2026-08-27 05:53:36Z INFO HostContext] Well known directory 'Work': 'D:\projects\solitaire smash\actions-runner\_work'
[2026-08-27 05:53:36Z INFO HostContext] Well known directory 'Bin': 'D:\projects\solitaire smash\actions-runner\bin'
[2026-08-27 05:53:36Z INFO NativeWindowsServiceHelper] Calculated unique group name GITHUB_ActionsRunner_G3b403
[2026-08-27 05:53:36Z INFO NativeWindowsServiceHelper] Trying to create group GITHUB_ActionsRunner_G3b403
[2026-08-27 05:53:36Z INFO NativeWindowsServiceHelper] Local Group 'GITHUB_ActionsRunner_G3b403' created
[2026-08-27 05:53:36Z INFO NativeWindowsServiceHelper] Trying to add userName NT AUTHORITY\NETWORK SERVICE to the group GITHUB_ActionsRunner_G3b403
[2026-08-27 05:53:36Z INFO NativeWindowsServiceHelper] Account 'NT AUTHORITY\NETWORK SERVICE' is added to local group 'GITHUB_ActionsRunner_G3b403'.
[2026-08-27 05:53:36Z INFO NativeWindowsServiceHelper] Set full access control to group for the folder D:\projects\solitaire smash\actions-runner
[2026-08-27 05:53:36Z INFO NativeWindowsServiceHelper] Set full access control to group for the folder D:\projects\solitaire smash\actions-runner\_work
[2026-08-27 05:53:36Z INFO NativeWindowsServiceHelper] Local group 'GITHUB_ActionsRunner_G3b403' already has full control to path 'D:\projects\solitaire smash\actions-runner\_work'.
[2026-08-27 05:53:36Z INFO Terminal] WRITE LINE: Granting file permissions to 'NT AUTHORITY\NETWORK SERVICE'.
[2026-08-27 05:53:36Z INFO HostContext] Well known directory 'Bin': 'D:\projects\solitaire smash\actions-runner\bin'
[2026-08-27 05:53:36Z INFO ProcessInvokerWrapper] Starting process:
[2026-08-27 05:53:36Z INFO ProcessInvokerWrapper]   File name: '"D:\projects\solitaire smash\actions-runner\bin\RunnerService.exe"'
[2026-08-27 05:53:36Z INFO ProcessInvokerWrapper]   Arguments: 'init'
[2026-08-27 05:53:36Z INFO ProcessInvokerWrapper]   Working directory: ''
[2026-08-27 05:53:36Z INFO ProcessInvokerWrapper]   Require exit code zero: 'True'
[2026-08-27 05:53:36Z INFO ProcessInvokerWrapper]   Encoding web name:  ; code page: ''
[2026-08-27 05:53:36Z INFO ProcessInvokerWrapper]   Force kill process on cancellation: 'False'
[2026-08-27 05:53:36Z INFO ProcessInvokerWrapper]   Redirected STDIN: 'False'
[2026-08-27 05:53:36Z INFO ProcessInvokerWrapper]   Persist current code page: 'False'
[2026-08-27 05:53:36Z INFO ProcessInvokerWrapper]   Keep redirected STDIN open: 'False'
[2026-08-27 05:53:36Z INFO ProcessInvokerWrapper]   High priority process: 'False'
[2026-08-27 05:53:36Z INFO ProcessInvokerWrapper] Process started with process id 41896, waiting for process exit.
[2026-08-27 05:53:36Z INFO ProcessInvokerWrapper] STDOUT/STDERR stream read finished.
[2026-08-27 05:53:36Z INFO ProcessInvokerWrapper] STDOUT/STDERR stream read finished.
[2026-08-27 05:53:36Z INFO ProcessInvokerWrapper] Finished process 41896 with exit code 0, and elapsed time 00:00:00.1510074.
[2026-08-27 05:53:36Z INFO Terminal] WRITE LINE: Service actions.runner.shlomo22-solitaire_smash.SHLOMOB-PC successfully installed
[2026-08-27 05:53:36Z INFO Terminal] WRITE LINE: Service actions.runner.shlomo22-solitaire_smash.SHLOMOB-PC successfully set recovery option
[2026-08-27 05:53:36Z INFO Terminal] WRITE LINE: Service actions.runner.shlomo22-solitaire_smash.SHLOMOB-PC successfully set to delayed auto start
[2026-08-27 05:53:36Z INFO Terminal] WRITE LINE: Service actions.runner.shlomo22-solitaire_smash.SHLOMOB-PC successfully configured
[2026-08-27 05:53:36Z INFO HostContext] Well known directory 'Bin': 'D:\projects\solitaire smash\actions-runner\bin'
[2026-08-27 05:53:36Z INFO HostContext] Well known directory 'Root': 'D:\projects\solitaire smash\actions-runner'
[2026-08-27 05:53:36Z INFO HostContext] Well known config file 'Service': 'D:\projects\solitaire smash\actions-runner\.service'
[2026-08-27 05:53:36Z INFO WindowsServiceControlManager] Configuration was successful, trying to start the service
[2026-08-27 05:53:36Z INFO Terminal] WRITE LINE: Waiting for service to start...
[2026-08-27 05:53:36Z INFO Terminal] WRITE LINE: Service actions.runner.shlomo22-solitaire_smash.SHLOMOB-PC started successfully
[2026-08-27 05:53:36Z INFO Listener] Runner execution has finished with return code 0
